------------------------------------------------------------
Timing Analyzer Summary
------------------------------------------------------------

Type  : Slow 1100mV 85C Model Setup 'clk_keyb'
Slack : -6.263
TNS   : -157.765

Type  : Slow 1100mV 85C Model Setup 'clk'
Slack : -2.138
TNS   : -26.403

Type  : Slow 1100mV 85C Model Hold 'clk_keyb'
Slack : 0.216
TNS   : 0.000

Type  : Slow 1100mV 85C Model Hold 'clk'
Slack : 0.375
TNS   : 0.000

Type  : Slow 1100mV 85C Model Minimum Pulse Width 'clk_keyb'
Slack : -0.394
TNS   : -18.827

Type  : Slow 1100mV 85C Model Minimum Pulse Width 'clk'
Slack : -0.394
TNS   : -7.289

Type  : Slow 1100mV 0C Model Setup 'clk_keyb'
Slack : -6.139
TNS   : -153.819

Type  : Slow 1100mV 0C Model Setup 'clk'
Slack : -2.206
TNS   : -23.846

Type  : Slow 1100mV 0C Model Hold 'clk_keyb'
Slack : 0.281
TNS   : 0.000

Type  : Slow 1100mV 0C Model Hold 'clk'
Slack : 0.387
TNS   : 0.000

Type  : Slow 1100mV 0C Model Minimum Pulse Width 'clk_keyb'
Slack : -0.394
TNS   : -15.980

Type  : Slow 1100mV 0C Model Minimum Pulse Width 'clk'
Slack : -0.394
TNS   : -7.990

Type  : Fast 1100mV 85C Model Setup 'clk_keyb'
Slack : -4.355
TNS   : -101.378

Type  : Fast 1100mV 85C Model Setup 'clk'
Slack : -1.319
TNS   : -17.132

Type  : Fast 1100mV 85C Model Hold 'clk_keyb'
Slack : 0.139
TNS   : 0.000

Type  : Fast 1100mV 85C Model Hold 'clk'
Slack : 0.181
TNS   : 0.000

Type  : Fast 1100mV 85C Model Minimum Pulse Width 'clk_keyb'
Slack : -0.380
TNS   : -11.554

Type  : Fast 1100mV 85C Model Minimum Pulse Width 'clk'
Slack : -0.087
TNS   : -1.189

Type  : Fast 1100mV 0C Model Setup 'clk_keyb'
Slack : -3.633
TNS   : -84.839

Type  : Fast 1100mV 0C Model Setup 'clk'
Slack : -1.218
TNS   : -15.456

Type  : Fast 1100mV 0C Model Hold 'clk_keyb'
Slack : 0.145
TNS   : 0.000

Type  : Fast 1100mV 0C Model Hold 'clk'
Slack : 0.172
TNS   : 0.000

Type  : Fast 1100mV 0C Model Minimum Pulse Width 'clk_keyb'
Slack : -0.374
TNS   : -10.934

Type  : Fast 1100mV 0C Model Minimum Pulse Width 'clk'
Slack : -0.085
TNS   : -1.176

------------------------------------------------------------
